Archive member included to satisfy reference by file (symbol)

.\CortexM3\ARM_GCC_541\Debug\I2C_Slave.a(I2C_1.o)
                              .\CortexM3\ARM_GCC_541\Debug\main.o (I2C_1_Start)
.\CortexM3\ARM_GCC_541\Debug\I2C_Slave.a(I2C_1_INT.o)
                              .\CortexM3\ARM_GCC_541\Debug\I2C_Slave.a(I2C_1.o) (I2C_1_ISR)
.\CortexM3\ARM_GCC_541\Debug\I2C_Slave.a(I2C_1_PM.o)
                              .\CortexM3\ARM_GCC_541\Debug\I2C_Slave.a(I2C_1.o) (I2C_1_backup)
.\CortexM3\ARM_GCC_541\Debug\I2C_Slave.a(I2C_1_SLAVE.o)
                              .\CortexM3\ARM_GCC_541\Debug\main.o (I2C_1_SlaveStatus)
.\CortexM3\ARM_GCC_541\Debug\I2C_Slave.a(CyLib.o)
                              .\CortexM3\ARM_GCC_541\Debug\Cm3Start.o (CyHalt)
.\CortexM3\ARM_GCC_541\Debug\I2C_Slave.a(cyPm.o)
                              .\CortexM3\ARM_GCC_541\Debug\I2C_Slave.a(CyLib.o) (CyPmReadStatus)
.\CortexM3\ARM_GCC_541\Debug\I2C_Slave.a(PWM_1.o)
                              .\CortexM3\ARM_GCC_541\Debug\main.o (PWM_1_Stop)
.\CortexM3\ARM_GCC_541\Debug\I2C_Slave.a(CyBootAsmGnu.o)
                              .\CortexM3\ARM_GCC_541\Debug\cyfitter_cfg.o (CyDelayCycles)
.\CortexM3\ARM_GCC_541\Debug\I2C_Slave.a(CyFlash.o)
                              .\CortexM3\ARM_GCC_541\Debug\I2C_Slave.a(cyPm.o) (CyFlash_SetWaitCycles)
.\CortexM3\ARM_GCC_541\Debug\I2C_Slave.a(CySpc.o)
                              .\CortexM3\ARM_GCC_541\Debug\I2C_Slave.a(CyFlash.o) (CySpcStart)
c:/program files (x86)/cypress/psoc creator/4.2/psoc creator/import/gnu/arm/5.4.1/bin/../lib/gcc/arm-none-eabi/5.4.1/../../../../arm-none-eabi/lib/armv7-m\libg_nano.a(lib_a-errno.o)
                              .\CortexM3\ARM_GCC_541\Debug\Cm3Start.o (__errno)
c:/program files (x86)/cypress/psoc creator/4.2/psoc creator/import/gnu/arm/5.4.1/bin/../lib/gcc/arm-none-eabi/5.4.1/../../../../arm-none-eabi/lib/armv7-m\libg_nano.a(lib_a-exit.o)
                              c:/program files (x86)/cypress/psoc creator/4.2/psoc creator/import/gnu/arm/5.4.1/bin/../lib/gcc/arm-none-eabi/5.4.1/../../../../arm-none-eabi/lib/armv7-m/crt0.o (exit)
c:/program files (x86)/cypress/psoc creator/4.2/psoc creator/import/gnu/arm/5.4.1/bin/../lib/gcc/arm-none-eabi/5.4.1/../../../../arm-none-eabi/lib/armv7-m\libg_nano.a(lib_a-impure.o)
                              c:/program files (x86)/cypress/psoc creator/4.2/psoc creator/import/gnu/arm/5.4.1/bin/../lib/gcc/arm-none-eabi/5.4.1/../../../../arm-none-eabi/lib/armv7-m\libg_nano.a(lib_a-exit.o) (_global_impure_ptr)
c:/program files (x86)/cypress/psoc creator/4.2/psoc creator/import/gnu/arm/5.4.1/bin/../lib/gcc/arm-none-eabi/5.4.1/../../../../arm-none-eabi/lib/armv7-m\libg_nano.a(lib_a-init.o)
                              c:/program files (x86)/cypress/psoc creator/4.2/psoc creator/import/gnu/arm/5.4.1/bin/../lib/gcc/arm-none-eabi/5.4.1/../../../../arm-none-eabi/lib/armv7-m/crt0.o (__libc_init_array)
c:/program files (x86)/cypress/psoc creator/4.2/psoc creator/import/gnu/arm/5.4.1/bin/../lib/gcc/arm-none-eabi/5.4.1/../../../../arm-none-eabi/lib/armv7-m\libg_nano.a(lib_a-memcpy-stub.o)
                              .\CortexM3\ARM_GCC_541\Debug\cyfitter_cfg.o (memcpy)
c:/program files (x86)/cypress/psoc creator/4.2/psoc creator/import/gnu/arm/5.4.1/bin/../lib/gcc/arm-none-eabi/5.4.1/../../../../arm-none-eabi/lib/armv7-m\libg_nano.a(lib_a-memset.o)
                              c:/program files (x86)/cypress/psoc creator/4.2/psoc creator/import/gnu/arm/5.4.1/bin/../lib/gcc/arm-none-eabi/5.4.1/../../../../arm-none-eabi/lib/armv7-m/crt0.o (memset)

Allocating common symbols
Common symbol       size              file

I2C_1_slRdBufIndex  0x1               .\CortexM3\ARM_GCC_541\Debug\I2C_Slave.a(I2C_1_SLAVE.o)
I2C_1_slStatus      0x1               .\CortexM3\ARM_GCC_541\Debug\I2C_Slave.a(I2C_1_SLAVE.o)
I2C_1_slWrBufSize   0x1               .\CortexM3\ARM_GCC_541\Debug\I2C_Slave.a(I2C_1_SLAVE.o)
I2C_1_slRdBufPtr    0x4               .\CortexM3\ARM_GCC_541\Debug\I2C_Slave.a(I2C_1_SLAVE.o)
I2C_1_slWrBufIndex  0x1               .\CortexM3\ARM_GCC_541\Debug\I2C_Slave.a(I2C_1_SLAVE.o)
I2C_1_slWrBufPtr    0x4               .\CortexM3\ARM_GCC_541\Debug\I2C_Slave.a(I2C_1_SLAVE.o)
I2C_1_state         0x1               .\CortexM3\ARM_GCC_541\Debug\I2C_Slave.a(I2C_1.o)
dieTemperature      0x2               .\CortexM3\ARM_GCC_541\Debug\I2C_Slave.a(CyFlash.o)
I2C_1_slRdBufSize   0x1               .\CortexM3\ARM_GCC_541\Debug\I2C_Slave.a(I2C_1_SLAVE.o)

Discarded input sections

 .text          0x00000000        0x0 c:/program files (x86)/cypress/psoc creator/4.2/psoc creator/import/gnu/arm/5.4.1/bin/../lib/gcc/arm-none-eabi/5.4.1/armv7-m/crti.o
 .data          0x00000000        0x0 c:/program files (x86)/cypress/psoc creator/4.2/psoc creator/import/gnu/arm/5.4.1/bin/../lib/gcc/arm-none-eabi/5.4.1/armv7-m/crti.o
 .bss           0x00000000        0x0 c:/program files (x86)/cypress/psoc creator/4.2/psoc creator/import/gnu/arm/5.4.1/bin/../lib/gcc/arm-none-eabi/5.4.1/armv7-m/crti.o
 .data          0x00000000        0x4 c:/program files (x86)/cypress/psoc creator/4.2/psoc creator/import/gnu/arm/5.4.1/bin/../lib/gcc/arm-none-eabi/5.4.1/armv7-m/crtbegin.o
 .text          0x00000000       0x74 c:/program files (x86)/cypress/psoc creator/4.2/psoc creator/import/gnu/arm/5.4.1/bin/../lib/gcc/arm-none-eabi/5.4.1/../../../../arm-none-eabi/lib/armv7-m/crt0.o
 .data          0x00000000        0x0 c:/program files (x86)/cypress/psoc creator/4.2/psoc creator/import/gnu/arm/5.4.1/bin/../lib/gcc/arm-none-eabi/5.4.1/../../../../arm-none-eabi/lib/armv7-m/crt0.o
 .bss           0x00000000        0x0 c:/program files (x86)/cypress/psoc creator/4.2/psoc creator/import/gnu/arm/5.4.1/bin/../lib/gcc/arm-none-eabi/5.4.1/../../../../arm-none-eabi/lib/armv7-m/crt0.o
 .ARM.extab     0x00000000        0x0 c:/program files (x86)/cypress/psoc creator/4.2/psoc creator/import/gnu/arm/5.4.1/bin/../lib/gcc/arm-none-eabi/5.4.1/../../../../arm-none-eabi/lib/armv7-m/crt0.o
 .ARM.exidx     0x00000000        0x8 c:/program files (x86)/cypress/psoc creator/4.2/psoc creator/import/gnu/arm/5.4.1/bin/../lib/gcc/arm-none-eabi/5.4.1/../../../../arm-none-eabi/lib/armv7-m/crt0.o
 .text          0x00000000        0x0 .\CortexM3\ARM_GCC_541\Debug\main.o
 .text          0x00000000        0x0 .\CortexM3\ARM_GCC_541\Debug\cyfitter_cfg.o
 .data          0x00000000        0x0 .\CortexM3\ARM_GCC_541\Debug\cyfitter_cfg.o
 .bss           0x00000000        0x0 .\CortexM3\ARM_GCC_541\Debug\cyfitter_cfg.o
 .text.SetAnalogRoutingPumps
                0x00000000       0x10 .\CortexM3\ARM_GCC_541\Debug\cyfitter_cfg.o
 .text          0x00000000        0x0 .\CortexM3\ARM_GCC_541\Debug\cymetadata.o
 .data          0x00000000        0x0 .\CortexM3\ARM_GCC_541\Debug\cymetadata.o
 .bss           0x00000000        0x0 .\CortexM3\ARM_GCC_541\Debug\cymetadata.o
 .text          0x00000000        0x0 .\CortexM3\ARM_GCC_541\Debug\Cm3Start.o
 .data          0x00000000        0x4 .\CortexM3\ARM_GCC_541\Debug\Cm3Start.o
 .bss           0x00000000        0x0 .\CortexM3\ARM_GCC_541\Debug\Cm3Start.o
 .text._exit    0x00000000        0xc .\CortexM3\ARM_GCC_541\Debug\Cm3Start.o
 .text._sbrk    0x00000000       0x30 .\CortexM3\ARM_GCC_541\Debug\Cm3Start.o
 .text          0x00000000        0x0 .\CortexM3\ARM_GCC_541\Debug\I2C_Slave.a(I2C_1.o)
 .data          0x00000000        0x0 .\CortexM3\ARM_GCC_541\Debug\I2C_Slave.a(I2C_1.o)
 .text.I2C_1_Stop
                0x00000000       0xc4 .\CortexM3\ARM_GCC_541\Debug\I2C_Slave.a(I2C_1.o)
 .text          0x00000000        0x0 .\CortexM3\ARM_GCC_541\Debug\I2C_Slave.a(I2C_1_INT.o)
 .data          0x00000000        0x0 .\CortexM3\ARM_GCC_541\Debug\I2C_Slave.a(I2C_1_INT.o)
 .bss           0x00000000        0x0 .\CortexM3\ARM_GCC_541\Debug\I2C_Slave.a(I2C_1_INT.o)
 .text          0x00000000        0x0 .\CortexM3\ARM_GCC_541\Debug\I2C_Slave.a(I2C_1_PM.o)
 .data          0x00000000        0x6 .\CortexM3\ARM_GCC_541\Debug\I2C_Slave.a(I2C_1_PM.o)
 .bss           0x00000000        0x0 .\CortexM3\ARM_GCC_541\Debug\I2C_Slave.a(I2C_1_PM.o)
 .text.I2C_1_SaveConfig
                0x00000000       0x3c .\CortexM3\ARM_GCC_541\Debug\I2C_Slave.a(I2C_1_PM.o)
 .text.I2C_1_Sleep
                0x00000000       0x24 .\CortexM3\ARM_GCC_541\Debug\I2C_Slave.a(I2C_1_PM.o)
 .text.I2C_1_RestoreConfig
                0x00000000       0x60 .\CortexM3\ARM_GCC_541\Debug\I2C_Slave.a(I2C_1_PM.o)
 .text.I2C_1_Wakeup
                0x00000000       0x24 .\CortexM3\ARM_GCC_541\Debug\I2C_Slave.a(I2C_1_PM.o)
 .text          0x00000000        0x0 .\CortexM3\ARM_GCC_541\Debug\I2C_Slave.a(I2C_1_SLAVE.o)
 .data          0x00000000        0x0 .\CortexM3\ARM_GCC_541\Debug\I2C_Slave.a(I2C_1_SLAVE.o)
 .bss           0x00000000        0x0 .\CortexM3\ARM_GCC_541\Debug\I2C_Slave.a(I2C_1_SLAVE.o)
 .text.I2C_1_SlaveClearReadStatus
                0x00000000       0x2c .\CortexM3\ARM_GCC_541\Debug\I2C_Slave.a(I2C_1_SLAVE.o)
 .text.I2C_1_SlaveInitReadBuf
                0x00000000       0x34 .\CortexM3\ARM_GCC_541\Debug\I2C_Slave.a(I2C_1_SLAVE.o)
 .text.I2C_1_SlaveGetReadBufSize
                0x00000000        0xc .\CortexM3\ARM_GCC_541\Debug\I2C_Slave.a(I2C_1_SLAVE.o)
 .text.I2C_1_SlaveGetWriteBufSize
                0x00000000        0xc .\CortexM3\ARM_GCC_541\Debug\I2C_Slave.a(I2C_1_SLAVE.o)
 .text.I2C_1_SlaveClearReadBuf
                0x00000000        0xc .\CortexM3\ARM_GCC_541\Debug\I2C_Slave.a(I2C_1_SLAVE.o)
 .text          0x00000000        0x0 .\CortexM3\ARM_GCC_541\Debug\I2C_Slave.a(CyLib.o)
 .bss           0x00000000       0x1c .\CortexM3\ARM_GCC_541\Debug\I2C_Slave.a(CyLib.o)
 .text.CyUSB_PowerOnCheck
                0x00000000       0x48 .\CortexM3\ARM_GCC_541\Debug\I2C_Slave.a(CyLib.o)
 .text.CyBusClk_Internal_SetDivider
                0x00000000       0x48 .\CortexM3\ARM_GCC_541\Debug\I2C_Slave.a(CyLib.o)
 .text.CyPLL_OUT_Stop
                0x00000000       0x10 .\CortexM3\ARM_GCC_541\Debug\I2C_Slave.a(CyLib.o)
 .text.CyIMO_Stop
                0x00000000       0x1c .\CortexM3\ARM_GCC_541\Debug\I2C_Slave.a(CyLib.o)
 .text.CyIMO_EnableDoubler
                0x00000000       0x10 .\CortexM3\ARM_GCC_541\Debug\I2C_Slave.a(CyLib.o)
 .text.CyIMO_DisableDoubler
                0x00000000       0x10 .\CortexM3\ARM_GCC_541\Debug\I2C_Slave.a(CyLib.o)
 .text.CyMasterClk_SetSource
                0x00000000       0x18 .\CortexM3\ARM_GCC_541\Debug\I2C_Slave.a(CyLib.o)
 .text.CyMasterClk_SetDivider
                0x00000000        0xc .\CortexM3\ARM_GCC_541\Debug\I2C_Slave.a(CyLib.o)
 .text.CyBusClk_SetDivider
                0x00000000       0x70 .\CortexM3\ARM_GCC_541\Debug\I2C_Slave.a(CyLib.o)
 .text.CyUsbClk_SetSource
                0x00000000       0x18 .\CortexM3\ARM_GCC_541\Debug\I2C_Slave.a(CyLib.o)
 .text.CyILO_Start1K
                0x00000000       0x10 .\CortexM3\ARM_GCC_541\Debug\I2C_Slave.a(CyLib.o)
 .text.CyILO_Stop1K
                0x00000000       0x10 .\CortexM3\ARM_GCC_541\Debug\I2C_Slave.a(CyLib.o)
 .text.CyILO_Start100K
                0x00000000       0x10 .\CortexM3\ARM_GCC_541\Debug\I2C_Slave.a(CyLib.o)
 .text.CyILO_Stop100K
                0x00000000       0x10 .\CortexM3\ARM_GCC_541\Debug\I2C_Slave.a(CyLib.o)
 .text.CyPLL_OUT_Start
                0x00000000       0x78 .\CortexM3\ARM_GCC_541\Debug\I2C_Slave.a(CyLib.o)
 .text.CyIMO_Start
                0x00000000       0x60 .\CortexM3\ARM_GCC_541\Debug\I2C_Slave.a(CyLib.o)
 .text.CyILO_Enable33K
                0x00000000       0x10 .\CortexM3\ARM_GCC_541\Debug\I2C_Slave.a(CyLib.o)
 .text.CyILO_Disable33K
                0x00000000       0x10 .\CortexM3\ARM_GCC_541\Debug\I2C_Slave.a(CyLib.o)
 .text.CyILO_SetSource
                0x00000000       0x18 .\CortexM3\ARM_GCC_541\Debug\I2C_Slave.a(CyLib.o)
 .text.CyILO_SetPowerMode
                0x00000000       0x24 .\CortexM3\ARM_GCC_541\Debug\I2C_Slave.a(CyLib.o)
 .text.CyXTAL_32KHZ_Stop
                0x00000000       0x30 .\CortexM3\ARM_GCC_541\Debug\I2C_Slave.a(CyLib.o)
 .text.CyXTAL_32KHZ_ReadStatus
                0x00000000       0x10 .\CortexM3\ARM_GCC_541\Debug\I2C_Slave.a(CyLib.o)
 .text.CyXTAL_Start
                0x00000000       0xac .\CortexM3\ARM_GCC_541\Debug\I2C_Slave.a(CyLib.o)
 .text.CyXTAL_Stop
                0x00000000       0x10 .\CortexM3\ARM_GCC_541\Debug\I2C_Slave.a(CyLib.o)
 .text.CyXTAL_EnableErrStatus
                0x00000000       0x10 .\CortexM3\ARM_GCC_541\Debug\I2C_Slave.a(CyLib.o)
 .text.CyXTAL_DisableErrStatus
                0x00000000       0x10 .\CortexM3\ARM_GCC_541\Debug\I2C_Slave.a(CyLib.o)
 .text.CyXTAL_ReadStatus
                0x00000000       0x18 .\CortexM3\ARM_GCC_541\Debug\I2C_Slave.a(CyLib.o)
 .text.CyXTAL_EnableFaultRecovery
                0x00000000       0x10 .\CortexM3\ARM_GCC_541\Debug\I2C_Slave.a(CyLib.o)
 .text.CyXTAL_DisableFaultRecovery
                0x00000000       0x10 .\CortexM3\ARM_GCC_541\Debug\I2C_Slave.a(CyLib.o)
 .text.CyXTAL_SetStartup
                0x00000000       0x18 .\CortexM3\ARM_GCC_541\Debug\I2C_Slave.a(CyLib.o)
 .text.CyXTAL_SetFbVoltage
                0x00000000       0x18 .\CortexM3\ARM_GCC_541\Debug\I2C_Slave.a(CyLib.o)
 .text.CyXTAL_SetWdVoltage
                0x00000000       0x18 .\CortexM3\ARM_GCC_541\Debug\I2C_Slave.a(CyLib.o)
 .text.CyPLL_OUT_SetPQ
                0x00000000       0x60 .\CortexM3\ARM_GCC_541\Debug\I2C_Slave.a(CyLib.o)
 .text.CyPLL_OUT_SetSource
                0x00000000       0x34 .\CortexM3\ARM_GCC_541\Debug\I2C_Slave.a(CyLib.o)
 .text.CyIMO_SetTrimValue
                0x00000000       0xcc .\CortexM3\ARM_GCC_541\Debug\I2C_Slave.a(CyLib.o)
 .text.CyIMO_SetFreq
                0x00000000       0xf4 .\CortexM3\ARM_GCC_541\Debug\I2C_Slave.a(CyLib.o)
 .text.CyIMO_SetSource
                0x00000000       0x58 .\CortexM3\ARM_GCC_541\Debug\I2C_Slave.a(CyLib.o)
 .text.CySoftwareReset
                0x00000000       0x10 .\CortexM3\ARM_GCC_541\Debug\I2C_Slave.a(CyLib.o)
 .text.CyDelayUs
                0x00000000       0x14 .\CortexM3\ARM_GCC_541\Debug\I2C_Slave.a(CyLib.o)
 .text.CyXTAL_32KHZ_SetPowerMode
                0x00000000       0x84 .\CortexM3\ARM_GCC_541\Debug\I2C_Slave.a(CyLib.o)
 .text.CyXTAL_32KHZ_Start
                0x00000000       0x74 .\CortexM3\ARM_GCC_541\Debug\I2C_Slave.a(CyLib.o)
 .text.CyDelayFreq
                0x00000000       0x4c .\CortexM3\ARM_GCC_541\Debug\I2C_Slave.a(CyLib.o)
 .text.CyWdtStart
                0x00000000       0x40 .\CortexM3\ARM_GCC_541\Debug\I2C_Slave.a(CyLib.o)
 .text.CyWdtClear
                0x00000000        0xc .\CortexM3\ARM_GCC_541\Debug\I2C_Slave.a(CyLib.o)
 .text.CyVdStickyStatus
                0x00000000       0x2c .\CortexM3\ARM_GCC_541\Debug\I2C_Slave.a(CyLib.o)
 .text.CyVdLvDigitEnable
                0x00000000       0x84 .\CortexM3\ARM_GCC_541\Debug\I2C_Slave.a(CyLib.o)
 .text.CyVdLvAnalogEnable
                0x00000000       0x80 .\CortexM3\ARM_GCC_541\Debug\I2C_Slave.a(CyLib.o)
 .text.CyVdLvDigitDisable
                0x00000000       0x30 .\CortexM3\ARM_GCC_541\Debug\I2C_Slave.a(CyLib.o)
 .text.CyVdLvAnalogDisable
                0x00000000       0x28 .\CortexM3\ARM_GCC_541\Debug\I2C_Slave.a(CyLib.o)
 .text.CyVdHvAnalogEnable
                0x00000000       0x54 .\CortexM3\ARM_GCC_541\Debug\I2C_Slave.a(CyLib.o)
 .text.CyVdHvAnalogDisable
                0x00000000       0x20 .\CortexM3\ARM_GCC_541\Debug\I2C_Slave.a(CyLib.o)
 .text.CyVdRealTimeStatus
                0x00000000       0x1c .\CortexM3\ARM_GCC_541\Debug\I2C_Slave.a(CyLib.o)
 .text.CyDisableInts
                0x00000000       0x1c .\CortexM3\ARM_GCC_541\Debug\I2C_Slave.a(CyLib.o)
 .text.CyEnableInts
                0x00000000       0x18 .\CortexM3\ARM_GCC_541\Debug\I2C_Slave.a(CyLib.o)
 .text.CyFlushCache
                0x00000000       0x44 .\CortexM3\ARM_GCC_541\Debug\I2C_Slave.a(CyLib.o)
 .text.CyIntSetSysVector
                0x00000000       0x28 .\CortexM3\ARM_GCC_541\Debug\I2C_Slave.a(CyLib.o)
 .text.CyIntGetSysVector
                0x00000000       0x20 .\CortexM3\ARM_GCC_541\Debug\I2C_Slave.a(CyLib.o)
 .text.CyIntGetVector
                0x00000000       0x24 .\CortexM3\ARM_GCC_541\Debug\I2C_Slave.a(CyLib.o)
 .text.CyIntGetPriority
                0x00000000       0x20 .\CortexM3\ARM_GCC_541\Debug\I2C_Slave.a(CyLib.o)
 .text.CyIntGetState
                0x00000000       0x24 .\CortexM3\ARM_GCC_541\Debug\I2C_Slave.a(CyLib.o)
 .text.CySysTickStop
                0x00000000       0x10 .\CortexM3\ARM_GCC_541\Debug\I2C_Slave.a(CyLib.o)
 .text.CySysTickEnableInterrupt
                0x00000000       0x10 .\CortexM3\ARM_GCC_541\Debug\I2C_Slave.a(CyLib.o)
 .text.CySysTickEnable
                0x00000000       0x18 .\CortexM3\ARM_GCC_541\Debug\I2C_Slave.a(CyLib.o)
 .text.CySysTickDisableInterrupt
                0x00000000       0x10 .\CortexM3\ARM_GCC_541\Debug\I2C_Slave.a(CyLib.o)
 .text.CySysTickSetReload
                0x00000000       0x10 .\CortexM3\ARM_GCC_541\Debug\I2C_Slave.a(CyLib.o)
 .text.CySysTickGetReload
                0x00000000       0x10 .\CortexM3\ARM_GCC_541\Debug\I2C_Slave.a(CyLib.o)
 .text.CySysTickGetValue
                0x00000000       0x10 .\CortexM3\ARM_GCC_541\Debug\I2C_Slave.a(CyLib.o)
 .text.CySysTickSetClockSource
                0x00000000       0x20 .\CortexM3\ARM_GCC_541\Debug\I2C_Slave.a(CyLib.o)
 .text.CySysTickGetClockSource
                0x00000000       0x10 .\CortexM3\ARM_GCC_541\Debug\I2C_Slave.a(CyLib.o)
 .text.CySysTickGetCountFlag
                0x00000000       0x10 .\CortexM3\ARM_GCC_541\Debug\I2C_Slave.a(CyLib.o)
 .text.CySysTickServiceCallbacks
                0x00000000       0x28 .\CortexM3\ARM_GCC_541\Debug\I2C_Slave.a(CyLib.o)
 .text.CySysTickClear
                0x00000000        0xc .\CortexM3\ARM_GCC_541\Debug\I2C_Slave.a(CyLib.o)
 .text.CySysTickInit
                0x00000000       0x58 .\CortexM3\ARM_GCC_541\Debug\I2C_Slave.a(CyLib.o)
 .text.CySysTickStart
                0x00000000       0x1c .\CortexM3\ARM_GCC_541\Debug\I2C_Slave.a(CyLib.o)
 .text.CySysTickSetCallback
                0x00000000       0x10 .\CortexM3\ARM_GCC_541\Debug\I2C_Slave.a(CyLib.o)
 .text.CySysTickGetCallback
                0x00000000       0x10 .\CortexM3\ARM_GCC_541\Debug\I2C_Slave.a(CyLib.o)
 .text.CyGetUniqueId
                0x00000000       0x70 .\CortexM3\ARM_GCC_541\Debug\I2C_Slave.a(CyLib.o)
 .text          0x00000000        0x0 .\CortexM3\ARM_GCC_541\Debug\I2C_Slave.a(cyPm.o)
 .data          0x00000000        0x0 .\CortexM3\ARM_GCC_541\Debug\I2C_Slave.a(cyPm.o)
 .bss           0x00000000       0x43 .\CortexM3\ARM_GCC_541\Debug\I2C_Slave.a(cyPm.o)
 .text.CyPmHibSlpSaveSet
                0x00000000      0x1dc .\CortexM3\ARM_GCC_541\Debug\I2C_Slave.a(cyPm.o)
 .text.CyPmHibSlpRestore
                0x00000000       0xd8 .\CortexM3\ARM_GCC_541\Debug\I2C_Slave.a(cyPm.o)
 .text.CyPmHviLviSaveDisable
                0x00000000       0xa0 .\CortexM3\ARM_GCC_541\Debug\I2C_Slave.a(cyPm.o)
 .text.CyPmHibSaveSet
                0x00000000       0x98 .\CortexM3\ARM_GCC_541\Debug\I2C_Slave.a(cyPm.o)
 .text.CyPmHviLviRestore
                0x00000000       0x48 .\CortexM3\ARM_GCC_541\Debug\I2C_Slave.a(cyPm.o)
 .text.CyPmHibRestore
                0x00000000       0x60 .\CortexM3\ARM_GCC_541\Debug\I2C_Slave.a(cyPm.o)
 .text.CyPmSaveClocks
                0x00000000      0x218 .\CortexM3\ARM_GCC_541\Debug\I2C_Slave.a(cyPm.o)
 .text.CyPmRestoreClocks
                0x00000000      0x24c .\CortexM3\ARM_GCC_541\Debug\I2C_Slave.a(cyPm.o)
 .text.CyPmAltAct
                0x00000000       0x6c .\CortexM3\ARM_GCC_541\Debug\I2C_Slave.a(cyPm.o)
 .text.CyPmSleep
                0x00000000       0xf4 .\CortexM3\ARM_GCC_541\Debug\I2C_Slave.a(cyPm.o)
 .text.CyPmHibernateEx
                0x00000000       0xf4 .\CortexM3\ARM_GCC_541\Debug\I2C_Slave.a(cyPm.o)
 .text.CyPmHibernate
                0x00000000        0xc .\CortexM3\ARM_GCC_541\Debug\I2C_Slave.a(cyPm.o)
 .text.CyPmReadStatus
                0x00000000       0x30 .\CortexM3\ARM_GCC_541\Debug\I2C_Slave.a(cyPm.o)
 .text.CyPmCtwSetInterval
                0x00000000       0x5c .\CortexM3\ARM_GCC_541\Debug\I2C_Slave.a(cyPm.o)
 .text.CyPmOppsSet
                0x00000000       0x2c .\CortexM3\ARM_GCC_541\Debug\I2C_Slave.a(cyPm.o)
 .text.CyPmFtwSetInterval
                0x00000000       0x5c .\CortexM3\ARM_GCC_541\Debug\I2C_Slave.a(cyPm.o)
 .rodata        0x00000000        0xf .\CortexM3\ARM_GCC_541\Debug\I2C_Slave.a(cyPm.o)
 .text          0x00000000        0x0 .\CortexM3\ARM_GCC_541\Debug\I2C_Slave.a(PWM_1.o)
 .data          0x00000000        0x0 .\CortexM3\ARM_GCC_541\Debug\I2C_Slave.a(PWM_1.o)
 .text.PWM_1_ReadStatusRegister
                0x00000000        0xc .\CortexM3\ARM_GCC_541\Debug\I2C_Slave.a(PWM_1.o)
 .text.PWM_1_ReadControlRegister
                0x00000000        0xc .\CortexM3\ARM_GCC_541\Debug\I2C_Slave.a(PWM_1.o)
 .text.PWM_1_WriteControlRegister
                0x00000000        0xc .\CortexM3\ARM_GCC_541\Debug\I2C_Slave.a(PWM_1.o)
 .text.PWM_1_ReadCompare
                0x00000000        0xc .\CortexM3\ARM_GCC_541\Debug\I2C_Slave.a(PWM_1.o)
 .text.PWM_1_ReadPeriod
                0x00000000        0xc .\CortexM3\ARM_GCC_541\Debug\I2C_Slave.a(PWM_1.o)
 .data          0x00000000        0x0 .\CortexM3\ARM_GCC_541\Debug\I2C_Slave.a(CyBootAsmGnu.o)
 .bss           0x00000000        0x0 .\CortexM3\ARM_GCC_541\Debug\I2C_Slave.a(CyBootAsmGnu.o)
 .text          0x00000000        0x0 .\CortexM3\ARM_GCC_541\Debug\I2C_Slave.a(CyFlash.o)
 .data          0x00000000        0x0 .\CortexM3\ARM_GCC_541\Debug\I2C_Slave.a(CyFlash.o)
 .bss           0x00000000        0x0 .\CortexM3\ARM_GCC_541\Debug\I2C_Slave.a(CyFlash.o)
 .text.CySetTempInt
                0x00000000       0x60 .\CortexM3\ARM_GCC_541\Debug\I2C_Slave.a(CyFlash.o)
 .text.CyFlash_Start
                0x00000000       0x54 .\CortexM3\ARM_GCC_541\Debug\I2C_Slave.a(CyFlash.o)
 .text.CyFlash_Stop
                0x00000000       0x24 .\CortexM3\ARM_GCC_541\Debug\I2C_Slave.a(CyFlash.o)
 .text.CyFlash_EraseRow
                0x00000000       0x78 .\CortexM3\ARM_GCC_541\Debug\I2C_Slave.a(CyFlash.o)
 .text.CyFlashGetSpcAlgorithm
                0x00000000       0x4c .\CortexM3\ARM_GCC_541\Debug\I2C_Slave.a(CyFlash.o)
 .text.CySetTemp
                0x00000000       0x14 .\CortexM3\ARM_GCC_541\Debug\I2C_Slave.a(CyFlash.o)
 .text.CySetFlashEEBuffer
                0x00000000       0x20 .\CortexM3\ARM_GCC_541\Debug\I2C_Slave.a(CyFlash.o)
 .text.CyWriteRowFull
                0x00000000       0xf8 .\CortexM3\ARM_GCC_541\Debug\I2C_Slave.a(CyFlash.o)
 .text.CyWriteRowData
                0x00000000       0x14 .\CortexM3\ARM_GCC_541\Debug\I2C_Slave.a(CyFlash.o)
 .text.CyFlash_SetWaitCycles
                0x00000000       0x7c .\CortexM3\ARM_GCC_541\Debug\I2C_Slave.a(CyFlash.o)
 .text.CyEEPROM_Start
                0x00000000       0x54 .\CortexM3\ARM_GCC_541\Debug\I2C_Slave.a(CyFlash.o)
 .text.CyEEPROM_Stop
                0x00000000       0x24 .\CortexM3\ARM_GCC_541\Debug\I2C_Slave.a(CyFlash.o)
 .text.CyEEPROM_ReadReserve
                0x00000000       0x1c .\CortexM3\ARM_GCC_541\Debug\I2C_Slave.a(CyFlash.o)
 .text.CyEEPROM_ReadRelease
                0x00000000       0x10 .\CortexM3\ARM_GCC_541\Debug\I2C_Slave.a(CyFlash.o)
 COMMON         0x00000000        0x2 .\CortexM3\ARM_GCC_541\Debug\I2C_Slave.a(CyFlash.o)
 .text          0x00000000        0x0 .\CortexM3\ARM_GCC_541\Debug\I2C_Slave.a(CySpc.o)
 .data          0x00000000        0x0 .\CortexM3\ARM_GCC_541\Debug\I2C_Slave.a(CySpc.o)
 .bss           0x00000000        0x8 .\CortexM3\ARM_GCC_541\Debug\I2C_Slave.a(CySpc.o)
 .text.CySpcStart
                0x00000000       0x24 .\CortexM3\ARM_GCC_541\Debug\I2C_Slave.a(CySpc.o)
 .text.CySpcStop
                0x00000000       0x24 .\CortexM3\ARM_GCC_541\Debug\I2C_Slave.a(CySpc.o)
 .text.CySpcReadData
                0x00000000       0x34 .\CortexM3\ARM_GCC_541\Debug\I2C_Slave.a(CySpc.o)
 .text.CySpcLoadMultiByte
                0x00000000       0x78 .\CortexM3\ARM_GCC_541\Debug\I2C_Slave.a(CySpc.o)
 .text.CySpcLoadRow
                0x00000000       0x50 .\CortexM3\ARM_GCC_541\Debug\I2C_Slave.a(CySpc.o)
 .text.CySpcLoadRowFull
                0x00000000       0x80 .\CortexM3\ARM_GCC_541\Debug\I2C_Slave.a(CySpc.o)
 .text.CySpcWriteRow
                0x00000000       0x4c .\CortexM3\ARM_GCC_541\Debug\I2C_Slave.a(CySpc.o)
 .text.CySpcEraseSector
                0x00000000       0x3c .\CortexM3\ARM_GCC_541\Debug\I2C_Slave.a(CySpc.o)
 .text.CySpcEraseRow
                0x00000000       0x4c .\CortexM3\ARM_GCC_541\Debug\I2C_Slave.a(CySpc.o)
 .text.CySpcGetTemp
                0x00000000       0x3c .\CortexM3\ARM_GCC_541\Debug\I2C_Slave.a(CySpc.o)
 .text.CySpcLock
                0x00000000       0x4c .\CortexM3\ARM_GCC_541\Debug\I2C_Slave.a(CySpc.o)
 .text.CySpcUnlock
                0x00000000       0x38 .\CortexM3\ARM_GCC_541\Debug\I2C_Slave.a(CySpc.o)
 .text.CySpcGetAlgorithm
                0x00000000       0x28 .\CortexM3\ARM_GCC_541\Debug\I2C_Slave.a(CySpc.o)
 .text          0x00000000        0x0 c:/program files (x86)/cypress/psoc creator/4.2/psoc creator/import/gnu/arm/5.4.1/bin/../lib/gcc/arm-none-eabi/5.4.1/../../../../arm-none-eabi/lib/armv7-m\libg_nano.a(lib_a-errno.o)
 .data          0x00000000        0x0 c:/program files (x86)/cypress/psoc creator/4.2/psoc creator/import/gnu/arm/5.4.1/bin/../lib/gcc/arm-none-eabi/5.4.1/../../../../arm-none-eabi/lib/armv7-m\libg_nano.a(lib_a-errno.o)
 .bss           0x00000000        0x0 c:/program files (x86)/cypress/psoc creator/4.2/psoc creator/import/gnu/arm/5.4.1/bin/../lib/gcc/arm-none-eabi/5.4.1/../../../../arm-none-eabi/lib/armv7-m\libg_nano.a(lib_a-errno.o)
 .text          0x00000000        0x0 c:/program files (x86)/cypress/psoc creator/4.2/psoc creator/import/gnu/arm/5.4.1/bin/../lib/gcc/arm-none-eabi/5.4.1/../../../../arm-none-eabi/lib/armv7-m\libg_nano.a(lib_a-exit.o)
 .data          0x00000000        0x0 c:/program files (x86)/cypress/psoc creator/4.2/psoc creator/import/gnu/arm/5.4.1/bin/../lib/gcc/arm-none-eabi/5.4.1/../../../../arm-none-eabi/lib/armv7-m\libg_nano.a(lib_a-exit.o)
 .bss           0x00000000        0x0 c:/program files (x86)/cypress/psoc creator/4.2/psoc creator/import/gnu/arm/5.4.1/bin/../lib/gcc/arm-none-eabi/5.4.1/../../../../arm-none-eabi/lib/armv7-m\libg_nano.a(lib_a-exit.o)
 .text.exit     0x00000000       0x28 c:/program files (x86)/cypress/psoc creator/4.2/psoc creator/import/gnu/arm/5.4.1/bin/../lib/gcc/arm-none-eabi/5.4.1/../../../../arm-none-eabi/lib/armv7-m\libg_nano.a(lib_a-exit.o)
 .text          0x00000000        0x0 c:/program files (x86)/cypress/psoc creator/4.2/psoc creator/import/gnu/arm/5.4.1/bin/../lib/gcc/arm-none-eabi/5.4.1/../../../../arm-none-eabi/lib/armv7-m\libg_nano.a(lib_a-impure.o)
 .data          0x00000000        0x0 c:/program files (x86)/cypress/psoc creator/4.2/psoc creator/import/gnu/arm/5.4.1/bin/../lib/gcc/arm-none-eabi/5.4.1/../../../../arm-none-eabi/lib/armv7-m\libg_nano.a(lib_a-impure.o)
 .bss           0x00000000        0x0 c:/program files (x86)/cypress/psoc creator/4.2/psoc creator/import/gnu/arm/5.4.1/bin/../lib/gcc/arm-none-eabi/5.4.1/../../../../arm-none-eabi/lib/armv7-m\libg_nano.a(lib_a-impure.o)
 .rodata._global_impure_ptr
                0x00000000        0x4 c:/program files (x86)/cypress/psoc creator/4.2/psoc creator/import/gnu/arm/5.4.1/bin/../lib/gcc/arm-none-eabi/5.4.1/../../../../arm-none-eabi/lib/armv7-m\libg_nano.a(lib_a-impure.o)
 .text          0x00000000        0x0 c:/program files (x86)/cypress/psoc creator/4.2/psoc creator/import/gnu/arm/5.4.1/bin/../lib/gcc/arm-none-eabi/5.4.1/../../../../arm-none-eabi/lib/armv7-m\libg_nano.a(lib_a-init.o)
 .data          0x00000000        0x0 c:/program files (x86)/cypress/psoc creator/4.2/psoc creator/import/gnu/arm/5.4.1/bin/../lib/gcc/arm-none-eabi/5.4.1/../../../../arm-none-eabi/lib/armv7-m\libg_nano.a(lib_a-init.o)
 .bss           0x00000000        0x0 c:/program files (x86)/cypress/psoc creator/4.2/psoc creator/import/gnu/arm/5.4.1/bin/../lib/gcc/arm-none-eabi/5.4.1/../../../../arm-none-eabi/lib/armv7-m\libg_nano.a(lib_a-init.o)
 .text          0x00000000        0x0 c:/program files (x86)/cypress/psoc creator/4.2/psoc creator/import/gnu/arm/5.4.1/bin/../lib/gcc/arm-none-eabi/5.4.1/../../../../arm-none-eabi/lib/armv7-m\libg_nano.a(lib_a-memcpy-stub.o)
 .data          0x00000000        0x0 c:/program files (x86)/cypress/psoc creator/4.2/psoc creator/import/gnu/arm/5.4.1/bin/../lib/gcc/arm-none-eabi/5.4.1/../../../../arm-none-eabi/lib/armv7-m\libg_nano.a(lib_a-memcpy-stub.o)
 .bss           0x00000000        0x0 c:/program files (x86)/cypress/psoc creator/4.2/psoc creator/import/gnu/arm/5.4.1/bin/../lib/gcc/arm-none-eabi/5.4.1/../../../../arm-none-eabi/lib/armv7-m\libg_nano.a(lib_a-memcpy-stub.o)
 .text          0x00000000        0x0 c:/program files (x86)/cypress/psoc creator/4.2/psoc creator/import/gnu/arm/5.4.1/bin/../lib/gcc/arm-none-eabi/5.4.1/../../../../arm-none-eabi/lib/armv7-m\libg_nano.a(lib_a-memset.o)
 .data          0x00000000        0x0 c:/program files (x86)/cypress/psoc creator/4.2/psoc creator/import/gnu/arm/5.4.1/bin/../lib/gcc/arm-none-eabi/5.4.1/../../../../arm-none-eabi/lib/armv7-m\libg_nano.a(lib_a-memset.o)
 .bss           0x00000000        0x0 c:/program files (x86)/cypress/psoc creator/4.2/psoc creator/import/gnu/arm/5.4.1/bin/../lib/gcc/arm-none-eabi/5.4.1/../../../../arm-none-eabi/lib/armv7-m\libg_nano.a(lib_a-memset.o)
 .text          0x00000000        0x0 c:/program files (x86)/cypress/psoc creator/4.2/psoc creator/import/gnu/arm/5.4.1/bin/../lib/gcc/arm-none-eabi/5.4.1/armv7-m/crtend.o
 .data          0x00000000        0x0 c:/program files (x86)/cypress/psoc creator/4.2/psoc creator/import/gnu/arm/5.4.1/bin/../lib/gcc/arm-none-eabi/5.4.1/armv7-m/crtend.o
 .bss           0x00000000        0x0 c:/program files (x86)/cypress/psoc creator/4.2/psoc creator/import/gnu/arm/5.4.1/bin/../lib/gcc/arm-none-eabi/5.4.1/armv7-m/crtend.o
 .text          0x00000000        0x0 c:/program files (x86)/cypress/psoc creator/4.2/psoc creator/import/gnu/arm/5.4.1/bin/../lib/gcc/arm-none-eabi/5.4.1/armv7-m/crtn.o
 .data          0x00000000        0x0 c:/program files (x86)/cypress/psoc creator/4.2/psoc creator/import/gnu/arm/5.4.1/bin/../lib/gcc/arm-none-eabi/5.4.1/armv7-m/crtn.o
 .bss           0x00000000        0x0 c:/program files (x86)/cypress/psoc creator/4.2/psoc creator/import/gnu/arm/5.4.1/bin/../lib/gcc/arm-none-eabi/5.4.1/armv7-m/crtn.o

Memory Configuration

Name             Origin             Length             Attributes
rom              0x00000000         0x00040000         xr
ram              0x1fff8000         0x00010000         xrw
*default*        0x00000000         0xffffffff

Linker script and memory map

LOAD c:/program files (x86)/cypress/psoc creator/4.2/psoc creator/import/gnu/arm/5.4.1/bin/../lib/gcc/arm-none-eabi/5.4.1/armv7-m/crti.o
LOAD c:/program files (x86)/cypress/psoc creator/4.2/psoc creator/import/gnu/arm/5.4.1/bin/../lib/gcc/arm-none-eabi/5.4.1/armv7-m/crtbegin.o
LOAD c:/program files (x86)/cypress/psoc creator/4.2/psoc creator/import/gnu/arm/5.4.1/bin/../lib/gcc/arm-none-eabi/5.4.1/../../../../arm-none-eabi/lib/armv7-m/crt0.o
START GROUP
LOAD .\CortexM3\ARM_GCC_541\Debug\main.o
LOAD .\CortexM3\ARM_GCC_541\Debug\cyfitter_cfg.o
LOAD .\CortexM3\ARM_GCC_541\Debug\cymetadata.o
LOAD .\CortexM3\ARM_GCC_541\Debug\Cm3Start.o
LOAD .\CortexM3\ARM_GCC_541\Debug\I2C_Slave.a
LOAD C:\Program Files (x86)\Cypress\PSoC Creator\4.2\PSoC Creator\psoc\content\cycomponentlibrary\CyComponentLibrary.cylib\CortexM3\ARM_GCC_541\Debug\CyComponentLibrary.a
END GROUP
START GROUP
LOAD c:/program files (x86)/cypress/psoc creator/4.2/psoc creator/import/gnu/arm/5.4.1/bin/../lib/gcc/arm-none-eabi/5.4.1/armv7-m\libgcc.a
LOAD c:/program files (x86)/cypress/psoc creator/4.2/psoc creator/import/gnu/arm/5.4.1/bin/../lib/gcc/arm-none-eabi/5.4.1/../../../../arm-none-eabi/lib/armv7-m\libg_nano.a
LOAD c:/program files (x86)/cypress/psoc creator/4.2/psoc creator/import/gnu/arm/5.4.1/bin/../lib/gcc/arm-none-eabi/5.4.1/../../../../arm-none-eabi/lib/armv7-m\libc_nano.a
END GROUP
START GROUP
LOAD c:/program files (x86)/cypress/psoc creator/4.2/psoc creator/import/gnu/arm/5.4.1/bin/../lib/gcc/arm-none-eabi/5.4.1/armv7-m\libgcc.a
LOAD c:/program files (x86)/cypress/psoc creator/4.2/psoc creator/import/gnu/arm/5.4.1/bin/../lib/gcc/arm-none-eabi/5.4.1/../../../../arm-none-eabi/lib/armv7-m\libc_nano.a
END GROUP
LOAD c:/program files (x86)/cypress/psoc creator/4.2/psoc creator/import/gnu/arm/5.4.1/bin/../lib/gcc/arm-none-eabi/5.4.1/armv7-m/crtend.o
LOAD c:/program files (x86)/cypress/psoc creator/4.2/psoc creator/import/gnu/arm/5.4.1/bin/../lib/gcc/arm-none-eabi/5.4.1/armv7-m/crtn.o
START GROUP
LOAD c:/program files (x86)/cypress/psoc creator/4.2/psoc creator/import/gnu/arm/5.4.1/bin/../lib/gcc/arm-none-eabi/5.4.1/armv7-m\libgcc.a
LOAD c:/program files (x86)/cypress/psoc creator/4.2/psoc creator/import/gnu/arm/5.4.1/bin/../lib/gcc/arm-none-eabi/5.4.1/../../../../arm-none-eabi/lib/armv7-m\libc.a
LOAD c:/program files (x86)/cypress/psoc creator/4.2/psoc creator/import/gnu/arm/5.4.1/bin/../lib/gcc/arm-none-eabi/5.4.1/../../../../arm-none-eabi/lib/armv7-m\libnosys.a
END GROUP
                0x00000000                CY_APPL_ORIGIN = 0x0
                0x00000100                CY_FLASH_ROW_SIZE = 0x100
                0x00000020                CY_ECC_ROW_SIZE = 0x20
                0x00000000                CY_EE_IN_BTLDR = 0x0
                0x00000000                CY_APPL_LOADABLE = 0x0
                0x00000800                CY_EE_SIZE = 0x800
                0x00000001                CY_APPL_NUM = 0x1
                0x00000001                CY_APPL_MAX = 0x1
                0x00000040                CY_METADATA_SIZE = 0x40
                0x00000000                CY_APPL_LOADABLE = 0x0
                0x00000000                CY_CHECKSUM_EXCLUDE_SIZE = ALIGN (0x0, CY_FLASH_ROW_SIZE)
                [!provide]                PROVIDE (__cy_heap_start, _end)
                0x00000001                PROVIDE (__cy_region_num, ((__cy_regions_end - __cy_regions) / 0x10))
                0x20008000                PROVIDE (__cy_stack, (ORIGIN (ram) + LENGTH (ram)))
                [!provide]                PROVIDE (__cy_heap_end, (__cy_stack - 0x800))

.cybootloader   0x00000000        0x0
 *(.cybootloader)
                0x00000000                appl1_start = CY_APPL_ORIGIN?CY_APPL_ORIGIN:ALIGN (CY_FLASH_ROW_SIZE)
                0x0001ff00                appl2_start = (appl1_start + ALIGN ((((LENGTH (rom) - appl1_start) - (0x2 * CY_FLASH_ROW_SIZE)) / 0x2), CY_FLASH_ROW_SIZE))
                0x00000000                appl_start = (CY_APPL_NUM == 0x1)?appl1_start:appl2_start
                0x00000000                ecc_offset = ((appl_start / CY_FLASH_ROW_SIZE) * CY_ECC_ROW_SIZE)
                0x00000000                ee_offset = (CY_APPL_LOADABLE && ! (CY_EE_IN_BTLDR))?((CY_EE_SIZE / CY_APPL_MAX) * (CY_APPL_NUM - 0x1)):0x0
                0x00000800                ee_size = (CY_APPL_LOADABLE && ! (CY_EE_IN_BTLDR))?(CY_EE_SIZE / CY_APPL_MAX):CY_EE_SIZE
                [!provide]                PROVIDE (CY_ECC_OFFSET, ecc_offset)

.text           0x00000000      0x93e
 CREATE_OBJECT_SYMBOLS
                0x00000000                PROVIDE (__cy_interrupt_vector, RomVectors)
 *(.romvectors)
 .romvectors    0x00000000       0x10 .\CortexM3\ARM_GCC_541\Debug\Cm3Start.o
                0x00000000                RomVectors
                0x00000001                ASSERT ((. != __cy_interrupt_vector), No interrupt vector)
                0x00000001                ASSERT (CY_APPL_ORIGIN?(SIZEOF (.cybootloader) <= CY_APPL_ORIGIN):0x1, Wrong image location)
                0x00000010                PROVIDE (__cy_reset, Reset)
 *(.text.Reset)
 .text.Reset    0x00000010       0x18 .\CortexM3\ARM_GCC_541\Debug\Cm3Start.o
                0x00000010                Reset
                0x00000001                ASSERT ((. != __cy_reset), No reset code)
 *(.dma_init)
                0x00000001                ASSERT ((((appl_start + .) <= 0x10000) || 0x1), DMA Init must be within the first 64k of flash)
 *(.text .text.* .gnu.linkonce.t.*)
 .text          0x00000028       0x5c c:/program files (x86)/cypress/psoc creator/4.2/psoc creator/import/gnu/arm/5.4.1/bin/../lib/gcc/arm-none-eabi/5.4.1/armv7-m/crtbegin.o
 .text.initI2C  0x00000084       0x20 .\CortexM3\ARM_GCC_541\Debug\main.o
                0x00000084                initI2C
 .text.udrulning
                0x000000a4       0x3c .\CortexM3\ARM_GCC_541\Debug\main.o
                0x000000a4                udrulning
 .text.main     0x000000e0       0x10 .\CortexM3\ARM_GCC_541\Debug\main.o
                0x000000e0                main
 .text.CyClockStartupError
                0x000000f0        0x4 .\CortexM3\ARM_GCC_541\Debug\cyfitter_cfg.o
 .text.cfg_write_bytes32
                0x000000f4       0x34 .\CortexM3\ARM_GCC_541\Debug\cyfitter_cfg.o
 .text.AnalogSetDefault
                0x00000128       0x28 .\CortexM3\ARM_GCC_541\Debug\cyfitter_cfg.o
 .text.CYMEMZERO
                0x00000150        0xc .\CortexM3\ARM_GCC_541\Debug\cyfitter_cfg.o
 .text.ClockSetup
                0x0000015c       0xb4 .\CortexM3\ARM_GCC_541\Debug\cyfitter_cfg.o
 .text.CYCONFIGCPY
                0x00000210        0x8 .\CortexM3\ARM_GCC_541\Debug\cyfitter_cfg.o
 .text.cyfitter_cfg
                0x00000218      0x100 .\CortexM3\ARM_GCC_541\Debug\cyfitter_cfg.o
                0x00000218                cyfitter_cfg
 .text.IntDefaultHandler
                0x00000318       0x10 .\CortexM3\ARM_GCC_541\Debug\Cm3Start.o
                0x00000318                IntDefaultHandler
 .text.Start_c  0x00000328       0x4c .\CortexM3\ARM_GCC_541\Debug\Cm3Start.o
                0x00000328                Start_c
 .text.initialize_psoc
                0x00000374       0x68 .\CortexM3\ARM_GCC_541\Debug\Cm3Start.o
                0x00000374                initialize_psoc
 .text.I2C_1_Init
                0x000003dc       0x6c .\CortexM3\ARM_GCC_541\Debug\I2C_Slave.a(I2C_1.o)
                0x000003dc                I2C_1_Init
 .text.I2C_1_Enable
                0x00000448       0x24 .\CortexM3\ARM_GCC_541\Debug\I2C_Slave.a(I2C_1.o)
                0x00000448                I2C_1_Enable
 .text.I2C_1_Start
                0x0000046c       0x28 .\CortexM3\ARM_GCC_541\Debug\I2C_Slave.a(I2C_1.o)
                0x0000046c                I2C_1_Start
 .text.I2C_1_ISR
                0x00000494      0x1f8 .\CortexM3\ARM_GCC_541\Debug\I2C_Slave.a(I2C_1_INT.o)
                0x00000494                I2C_1_ISR
 .text.I2C_1_SlaveStatus
                0x0000068c        0xc .\CortexM3\ARM_GCC_541\Debug\I2C_Slave.a(I2C_1_SLAVE.o)
                0x0000068c                I2C_1_SlaveStatus
 .text.I2C_1_SlaveClearWriteStatus
                0x00000698       0x2c .\CortexM3\ARM_GCC_541\Debug\I2C_Slave.a(I2C_1_SLAVE.o)
                0x00000698                I2C_1_SlaveClearWriteStatus
 .text.I2C_1_SlaveSetAddress
                0x000006c4       0x10 .\CortexM3\ARM_GCC_541\Debug\I2C_Slave.a(I2C_1_SLAVE.o)
                0x000006c4                I2C_1_SlaveSetAddress
 .text.I2C_1_SlaveInitWriteBuf
                0x000006d4       0x34 .\CortexM3\ARM_GCC_541\Debug\I2C_Slave.a(I2C_1_SLAVE.o)
                0x000006d4                I2C_1_SlaveInitWriteBuf
 .text.I2C_1_SlaveClearWriteBuf
                0x00000708        0xc .\CortexM3\ARM_GCC_541\Debug\I2C_Slave.a(I2C_1_SLAVE.o)
                0x00000708                I2C_1_SlaveClearWriteBuf
 .text.CyHalt   0x00000714        0x4 .\CortexM3\ARM_GCC_541\Debug\I2C_Slave.a(CyLib.o)
                0x00000714                CyHalt
 .text.CyDelay  0x00000718       0x2c .\CortexM3\ARM_GCC_541\Debug\I2C_Slave.a(CyLib.o)
                0x00000718                CyDelay
 .text.CyIntSetVector
                0x00000744       0x28 .\CortexM3\ARM_GCC_541\Debug\I2C_Slave.a(CyLib.o)
                0x00000744                CyIntSetVector
 .text.CyIntSetPriority
                0x0000076c       0x30 .\CortexM3\ARM_GCC_541\Debug\I2C_Slave.a(CyLib.o)
                0x0000076c                CyIntSetPriority
 .text.PWM_1_Enable
                0x0000079c       0x28 .\CortexM3\ARM_GCC_541\Debug\I2C_Slave.a(PWM_1.o)
                0x0000079c                PWM_1_Enable
 .text.PWM_1_Stop
                0x000007c4       0x28 .\CortexM3\ARM_GCC_541\Debug\I2C_Slave.a(PWM_1.o)
                0x000007c4                PWM_1_Stop
 .text.PWM_1_WritePeriod
                0x000007ec        0xc .\CortexM3\ARM_GCC_541\Debug\I2C_Slave.a(PWM_1.o)
                0x000007ec                PWM_1_WritePeriod
 .text.PWM_1_WriteCompare
                0x000007f8        0xc .\CortexM3\ARM_GCC_541\Debug\I2C_Slave.a(PWM_1.o)
                0x000007f8                PWM_1_WriteCompare
 .text.PWM_1_SetInterruptMode
                0x00000804        0xc .\CortexM3\ARM_GCC_541\Debug\I2C_Slave.a(PWM_1.o)
                0x00000804                PWM_1_SetInterruptMode
 .text.PWM_1_Init
                0x00000810       0x74 .\CortexM3\ARM_GCC_541\Debug\I2C_Slave.a(PWM_1.o)
                0x00000810                PWM_1_Init
 .text.PWM_1_Start
                0x00000884       0x1c .\CortexM3\ARM_GCC_541\Debug\I2C_Slave.a(PWM_1.o)
                0x00000884                PWM_1_Start
 .text          0x000008a0       0x20 .\CortexM3\ARM_GCC_541\Debug\I2C_Slave.a(CyBootAsmGnu.o)
                0x000008a0                CyDelayCycles
                0x000008b0                CyEnterCriticalSection
                0x000008b8                CyExitCriticalSection
 .text.__errno  0x000008c0        0xc c:/program files (x86)/cypress/psoc creator/4.2/psoc creator/import/gnu/arm/5.4.1/bin/../lib/gcc/arm-none-eabi/5.4.1/../../../../arm-none-eabi/lib/armv7-m\libg_nano.a(lib_a-errno.o)
                0x000008c0                __errno
 .text.__libc_init_array
                0x000008cc       0x4c c:/program files (x86)/cypress/psoc creator/4.2/psoc creator/import/gnu/arm/5.4.1/bin/../lib/gcc/arm-none-eabi/5.4.1/../../../../arm-none-eabi/lib/armv7-m\libg_nano.a(lib_a-init.o)
                0x000008cc                __libc_init_array
 .text.memcpy   0x00000918       0x16 c:/program files (x86)/cypress/psoc creator/4.2/psoc creator/import/gnu/arm/5.4.1/bin/../lib/gcc/arm-none-eabi/5.4.1/../../../../arm-none-eabi/lib/armv7-m\libg_nano.a(lib_a-memcpy-stub.o)
                0x00000918                memcpy
 .text.memset   0x0000092e       0x10 c:/program files (x86)/cypress/psoc creator/4.2/psoc creator/import/gnu/arm/5.4.1/bin/../lib/gcc/arm-none-eabi/5.4.1/../../../../arm-none-eabi/lib/armv7-m\libg_nano.a(lib_a-memset.o)
                0x0000092e                memset
 *(.plt)
 *(.gnu.warning)
 *(.glue_7t)
 .glue_7t       0x0000093e        0x0 linker stubs
 *(.glue_7)
 .glue_7        0x0000093e        0x0 linker stubs
 *(.vfp11_veneer)
 .vfp11_veneer  0x0000093e        0x0 linker stubs
 *(.bootloader)
 *(.ARM.extab* .gnu.linkonce.armextab.*)
 *(.gcc_except_table)

.v4_bx          0x00000940        0x0
 .v4_bx         0x00000940        0x0 linker stubs

.iplt           0x00000940        0x0
 .iplt          0x00000940        0x0 c:/program files (x86)/cypress/psoc creator/4.2/psoc creator/import/gnu/arm/5.4.1/bin/../lib/gcc/arm-none-eabi/5.4.1/armv7-m/crtbegin.o

.eh_frame_hdr
 *(.eh_frame_hdr)

.eh_frame       0x00000940        0x4
 *(.eh_frame)
 .eh_frame      0x00000940        0x0 c:/program files (x86)/cypress/psoc creator/4.2/psoc creator/import/gnu/arm/5.4.1/bin/../lib/gcc/arm-none-eabi/5.4.1/armv7-m/crtbegin.o
 .eh_frame      0x00000940        0x4 c:/program files (x86)/cypress/psoc creator/4.2/psoc creator/import/gnu/arm/5.4.1/bin/../lib/gcc/arm-none-eabi/5.4.1/armv7-m/crtend.o
                [!provide]                PROVIDE (__exidx_start, .)

.ARM.exidx
 *(.ARM.exidx* .gnu.linkonce.armexidx.*)
                0x00000944                __exidx_end = .

.rodata         0x00000944       0x6c
 *(.rodata .rodata.* .gnu.linkonce.r.*)
 .rodata        0x00000944       0x36 .\CortexM3\ARM_GCC_541\Debug\cyfitter_cfg.o
 .rodata.str1.1
                0x0000097a        0x2 c:/program files (x86)/cypress/psoc creator/4.2/psoc creator/import/gnu/arm/5.4.1/bin/../lib/gcc/arm-none-eabi/5.4.1/../../../../arm-none-eabi/lib/armv7-m\libg_nano.a(lib_a-impure.o)
                0x0000097c                . = ALIGN (0x4)
 *(.init)
 .init          0x0000097c        0x4 c:/program files (x86)/cypress/psoc creator/4.2/psoc creator/import/gnu/arm/5.4.1/bin/../lib/gcc/arm-none-eabi/5.4.1/armv7-m/crti.o
                0x0000097c                _init
 .init          0x00000980        0x8 c:/program files (x86)/cypress/psoc creator/4.2/psoc creator/import/gnu/arm/5.4.1/bin/../lib/gcc/arm-none-eabi/5.4.1/armv7-m/crtn.o
                0x00000988                . = ALIGN (0x4)
                0x00000988                __preinit_array_start = .
 *(.preinit_array)
                0x00000988                __preinit_array_end = .
                0x00000988                . = ALIGN (0x4)
                0x00000988                __init_array_start = .
 *(SORT(.init_array.*))
 *(.init_array)
 .init_array    0x00000988        0x4 c:/program files (x86)/cypress/psoc creator/4.2/psoc creator/import/gnu/arm/5.4.1/bin/../lib/gcc/arm-none-eabi/5.4.1/armv7-m/crtbegin.o
 .init_array    0x0000098c        0x4 .\CortexM3\ARM_GCC_541\Debug\Cm3Start.o
                0x00000990                __init_array_end = .
                0x00000990                . = ALIGN (0x4)
 *(.fini)
 .fini          0x00000990        0x4 c:/program files (x86)/cypress/psoc creator/4.2/psoc creator/import/gnu/arm/5.4.1/bin/../lib/gcc/arm-none-eabi/5.4.1/armv7-m/crti.o
                0x00000990                _fini
 .fini          0x00000994        0x8 c:/program files (x86)/cypress/psoc creator/4.2/psoc creator/import/gnu/arm/5.4.1/bin/../lib/gcc/arm-none-eabi/5.4.1/armv7-m/crtn.o
                0x0000099c                . = ALIGN (0x4)
                0x0000099c                __fini_array_start = .
 *(.fini_array)
 .fini_array    0x0000099c        0x4 c:/program files (x86)/cypress/psoc creator/4.2/psoc creator/import/gnu/arm/5.4.1/bin/../lib/gcc/arm-none-eabi/5.4.1/armv7-m/crtbegin.o
 *(SORT(.fini_array.*))
                0x000009a0                __fini_array_end = .
                0x000009a0                . = ALIGN (0x4)
 *crtbegin.o(.ctors)
 *(EXCLUDE_FILE(*crtend.o) .ctors)
 *(SORT(.ctors.*))
 *crtend.o(.ctors)
                0x000009a0                . = ALIGN (0x4)
 *crtbegin.o(.dtors)
 *(EXCLUDE_FILE(*crtend.o) .dtors)
 *(SORT(.dtors.*))
 *crtend.o(.dtors)
                0x000009a0                . = ALIGN (0x4)
                0x000009a0                __cy_regions = .
                0x000009a0        0x4 LONG 0x9b0 __cy_region_init_ram
                0x000009a4        0x4 LONG 0x1fff80c8 __cy_region_start_data
                0x000009a8        0x4 LONG 0x80 __cy_region_init_size_ram
                0x000009ac        0x4 LONG 0x40 __cy_region_zero_size_ram
                0x000009b0                __cy_regions_end = .
                0x000009b0                . = ALIGN (0x8)
                0x000009b0                _etext = .

.cy_checksum_exclude
                0x000009b0        0x0
 *(.cy_checksum_exclude)

.ramvectors     0x1fff8000       0xc0
                0x1fff8000                __cy_region_start_ram = .
 *(.ramvectors)
 .ramvectors    0x1fff8000       0xc0 .\CortexM3\ARM_GCC_541\Debug\Cm3Start.o
                0x1fff8000                CyRamVectors

.noinit         0x1fff80c0        0x1
 *(.noinit)
 .noinit        0x1fff80c0        0x1 .\CortexM3\ARM_GCC_541\Debug\I2C_Slave.a(CyLib.o)
                0x1fff80c0                CyResetStatus

.data           0x1fff80c8       0x80 load address 0x000009b0
                0x1fff80c8                __cy_region_start_data = .
 *(.jcr)
 .jcr           0x1fff80c8        0x0 c:/program files (x86)/cypress/psoc creator/4.2/psoc creator/import/gnu/arm/5.4.1/bin/../lib/gcc/arm-none-eabi/5.4.1/armv7-m/crtbegin.o
 .jcr           0x1fff80c8        0x4 c:/program files (x86)/cypress/psoc creator/4.2/psoc creator/import/gnu/arm/5.4.1/bin/../lib/gcc/arm-none-eabi/5.4.1/armv7-m/crtend.o
 *(.got.plt)
 *(.got)
 *(.shdata)
 *(.data .data.* .gnu.linkonce.d.*)
 .data          0x1fff80cc        0x4 .\CortexM3\ARM_GCC_541\Debug\main.o
                0x1fff80cc                BUFFER_SIZE
 .data          0x1fff80d0       0x10 .\CortexM3\ARM_GCC_541\Debug\I2C_Slave.a(CyLib.o)
                0x1fff80d0                cydelay_32k_ms
                0x1fff80d4                cydelay_freq_khz
                0x1fff80d8                cydelay_freq_mhz
                0x1fff80dc                cydelay_freq_hz
 .data.impure_data
                0x1fff80e0       0x60 c:/program files (x86)/cypress/psoc creator/4.2/psoc creator/import/gnu/arm/5.4.1/bin/../lib/gcc/arm-none-eabi/5.4.1/../../../../arm-none-eabi/lib/armv7-m\libg_nano.a(lib_a-impure.o)
 .data._impure_ptr
                0x1fff8140        0x4 c:/program files (x86)/cypress/psoc creator/4.2/psoc creator/import/gnu/arm/5.4.1/bin/../lib/gcc/arm-none-eabi/5.4.1/../../../../arm-none-eabi/lib/armv7-m\libg_nano.a(lib_a-impure.o)
                0x1fff8140                _impure_ptr
                0x1fff8148                . = ALIGN (0x8)
 *fill*         0x1fff8144        0x4 
 *(.ram)
                0x1fff8148                _edata = .

.igot.plt       0x1fff8148        0x0 load address 0x00000a30
 .igot.plt      0x1fff8148        0x0 c:/program files (x86)/cypress/psoc creator/4.2/psoc creator/import/gnu/arm/5.4.1/bin/../lib/gcc/arm-none-eabi/5.4.1/armv7-m/crtbegin.o

.bss            0x1fff8148       0x40 load address 0x00000a30
                0x1fff8148                PROVIDE (__bss_start__, .)
 *(.shbss)
 *(.bss .bss.* .gnu.linkonce.b.*)
 .bss           0x1fff8148       0x1c c:/program files (x86)/cypress/psoc creator/4.2/psoc creator/import/gnu/arm/5.4.1/bin/../lib/gcc/arm-none-eabi/5.4.1/armv7-m/crtbegin.o
 .bss           0x1fff8164        0x6 .\CortexM3\ARM_GCC_541\Debug\main.o
                0x1fff8164                buffer
 .bss           0x1fff816a        0x1 .\CortexM3\ARM_GCC_541\Debug\I2C_Slave.a(I2C_1.o)
                0x1fff816a                I2C_1_initVar
 .bss           0x1fff816b        0x1 .\CortexM3\ARM_GCC_541\Debug\I2C_Slave.a(PWM_1.o)
                0x1fff816b                PWM_1_initVar
 *(COMMON)
 COMMON         0x1fff816c        0x1 .\CortexM3\ARM_GCC_541\Debug\I2C_Slave.a(I2C_1.o)
                0x1fff816c                I2C_1_state
 *fill*         0x1fff816d        0x3 
 COMMON         0x1fff8170       0x11 .\CortexM3\ARM_GCC_541\Debug\I2C_Slave.a(I2C_1_SLAVE.o)
                0x1fff8170                I2C_1_slRdBufIndex
                0x1fff8171                I2C_1_slStatus
                0x1fff8172                I2C_1_slWrBufSize
                0x1fff8174                I2C_1_slRdBufPtr
                0x1fff8178                I2C_1_slWrBufIndex
                0x1fff817c                I2C_1_slWrBufPtr
                0x1fff8180                I2C_1_slRdBufSize
                0x1fff8188                . = ALIGN (0x8)
 *fill*         0x1fff8181        0x7 
 *(.ram.b)
                0x1fff8188                _end = .
                0x1fff8188                __end = .
                0x1fff8188                PROVIDE (end, .)
                0x1fff8188                PROVIDE (__bss_end__, .)
                0x000009b0                __cy_region_init_ram = LOADADDR (.data)
                0x00000080                __cy_region_init_size_ram = (_edata - ADDR (.data))
                0x00000040                __cy_region_zero_size_ram = (_end - _edata)

.heap           0x1fff8188       0x80 load address 0x00000a30
                0x1fff8188                . = _end
                0x1fff8208                . = (. + 0x80)
 *fill*         0x1fff8188       0x80 
                0x1fff8208                __cy_heap_limit = .

.stack          0x20007800      0x800
                0x20007800                __cy_stack_limit = .
                0x20008000                . = (. + 0x800)
 *fill*         0x20007800      0x800 
                0x00000001                ASSERT ((__cy_stack_limit >= __cy_heap_limit), region RAM overflowed with stack)
                0x00000000                cy_checksum_exclude_size = (CY_APPL_LOADABLE == 0x1)?SIZEOF (.cy_checksum_exclude):0x0
                0x00000001                ASSERT ((cy_checksum_exclude_size <= CY_CHECKSUM_EXCLUDE_SIZE), CY_BOOT: Section .cy_checksum_exclude size exceedes specified limit.)

.cyloadermeta
 *(.cyloadermeta)

.cyloadablemeta
 *(.cyloadablemeta)

.cyconfigecc    0x80000000       0xf8
 *(.cyconfigecc)
 .cyconfigecc   0x80000000       0xf8 .\CortexM3\ARM_GCC_541\Debug\cymetadata.o
                0x80000000                cy_meta_configecc

.cycustnvl      0x90000000        0x4
 *(.cycustnvl)
 .cycustnvl     0x90000000        0x4 .\CortexM3\ARM_GCC_541\Debug\cymetadata.o
                0x90000000                cy_meta_custnvl

.cywolatch      0x90100000        0x4
 *(.cywolatch)
 .cywolatch     0x90100000        0x4 .\CortexM3\ARM_GCC_541\Debug\cymetadata.o
                0x90100000                cy_meta_wonvl

.cyeeprom       0x90200000        0x0
 *(.cyeeprom)
                0x00000001                ASSERT ((. <= ((0x90200000 + ee_offset) + ee_size)), .cyeeprom data will not fit in EEPROM)

.cyflashprotect
                0x90400000      0x100
 *(.cyflashprotect)
 .cyflashprotect
                0x90400000      0x100 .\CortexM3\ARM_GCC_541\Debug\cymetadata.o
                0x90400000                cy_meta_flashprotect

.cymeta         0x90500000        0xc
 *(.cymeta)
 .cymeta        0x90500000        0xc .\CortexM3\ARM_GCC_541\Debug\cymetadata.o
                0x90500000                cy_metadata

.rel.dyn        0x00000a30        0x0 load address 0x9050000c
 .rel.iplt      0x00000a30        0x0 c:/program files (x86)/cypress/psoc creator/4.2/psoc creator/import/gnu/arm/5.4.1/bin/../lib/gcc/arm-none-eabi/5.4.1/armv7-m/crtbegin.o

.stab
 *(.stab)

.stabstr
 *(.stabstr)

.debug
 *(.debug)

.line
 *(.line)

.debug_srcinfo
 *(.debug_srcinfo)

.debug_sfnames
 *(.debug_sfnames)

.debug_aranges  0x00000000      0x6b8
 *(.debug_aranges)
 .debug_aranges
                0x00000000       0x30 .\CortexM3\ARM_GCC_541\Debug\main.o
 .debug_aranges
                0x00000030       0x58 .\CortexM3\ARM_GCC_541\Debug\cyfitter_cfg.o
 .debug_aranges
                0x00000088       0x18 .\CortexM3\ARM_GCC_541\Debug\cymetadata.o
 .debug_aranges
                0x000000a0       0x48 .\CortexM3\ARM_GCC_541\Debug\Cm3Start.o
 .debug_aranges
                0x000000e8       0x38 .\CortexM3\ARM_GCC_541\Debug\I2C_Slave.a(I2C_1.o)
 .debug_aranges
                0x00000120       0x20 .\CortexM3\ARM_GCC_541\Debug\I2C_Slave.a(I2C_1_INT.o)
 .debug_aranges
                0x00000140       0x38 .\CortexM3\ARM_GCC_541\Debug\I2C_Slave.a(I2C_1_PM.o)
 .debug_aranges
                0x00000178       0x68 .\CortexM3\ARM_GCC_541\Debug\I2C_Slave.a(I2C_1_SLAVE.o)
 .debug_aranges
                0x000001e0      0x2a0 .\CortexM3\ARM_GCC_541\Debug\I2C_Slave.a(CyLib.o)
 .debug_aranges
                0x00000480       0x98 .\CortexM3\ARM_GCC_541\Debug\I2C_Slave.a(cyPm.o)
 .debug_aranges
                0x00000518       0x78 .\CortexM3\ARM_GCC_541\Debug\I2C_Slave.a(PWM_1.o)
 .debug_aranges
                0x00000590       0x20 .\CortexM3\ARM_GCC_541\Debug\I2C_Slave.a(CyBootAsmGnu.o)
 .debug_aranges
                0x000005b0       0x88 .\CortexM3\ARM_GCC_541\Debug\I2C_Slave.a(CyFlash.o)
 .debug_aranges
                0x00000638       0x80 .\CortexM3\ARM_GCC_541\Debug\I2C_Slave.a(CySpc.o)

.debug_pubnames
 *(.debug_pubnames)

.debug_info     0x00000000     0x4123
 *(.debug_info .gnu.linkonce.wi.*)
 .debug_info    0x00000000      0x23e .\CortexM3\ARM_GCC_541\Debug\main.o
 .debug_info    0x0000023e      0x4ee .\CortexM3\ARM_GCC_541\Debug\cyfitter_cfg.o
 .debug_info    0x0000072c      0x134 .\CortexM3\ARM_GCC_541\Debug\cymetadata.o
 .debug_info    0x00000860      0x3bb .\CortexM3\ARM_GCC_541\Debug\Cm3Start.o
 .debug_info    0x00000c1b      0x2cc .\CortexM3\ARM_GCC_541\Debug\I2C_Slave.a(I2C_1.o)
 .debug_info    0x00000ee7      0x158 .\CortexM3\ARM_GCC_541\Debug\I2C_Slave.a(I2C_1_INT.o)
 .debug_info    0x0000103f      0x207 .\CortexM3\ARM_GCC_541\Debug\I2C_Slave.a(I2C_1_PM.o)
 .debug_info    0x00001246      0x290 .\CortexM3\ARM_GCC_541\Debug\I2C_Slave.a(I2C_1_SLAVE.o)
 .debug_info    0x000014d6     0x1374 .\CortexM3\ARM_GCC_541\Debug\I2C_Slave.a(CyLib.o)
 .debug_info    0x0000284a      0xa2a .\CortexM3\ARM_GCC_541\Debug\I2C_Slave.a(cyPm.o)
 .debug_info    0x00003274      0x27d .\CortexM3\ARM_GCC_541\Debug\I2C_Slave.a(PWM_1.o)
 .debug_info    0x000034f1       0x95 .\CortexM3\ARM_GCC_541\Debug\I2C_Slave.a(CyBootAsmGnu.o)
 .debug_info    0x00003586      0x64d .\CortexM3\ARM_GCC_541\Debug\I2C_Slave.a(CyFlash.o)
 .debug_info    0x00003bd3      0x550 .\CortexM3\ARM_GCC_541\Debug\I2C_Slave.a(CySpc.o)

.debug_abbrev   0x00000000     0x1184
 *(.debug_abbrev)
 .debug_abbrev  0x00000000      0x11d .\CortexM3\ARM_GCC_541\Debug\main.o
 .debug_abbrev  0x0000011d      0x1fe .\CortexM3\ARM_GCC_541\Debug\cyfitter_cfg.o
 .debug_abbrev  0x0000031b       0x5d .\CortexM3\ARM_GCC_541\Debug\cymetadata.o
 .debug_abbrev  0x00000378      0x1e8 .\CortexM3\ARM_GCC_541\Debug\Cm3Start.o
 .debug_abbrev  0x00000560      0x10a .\CortexM3\ARM_GCC_541\Debug\I2C_Slave.a(I2C_1.o)
 .debug_abbrev  0x0000066a       0xa9 .\CortexM3\ARM_GCC_541\Debug\I2C_Slave.a(I2C_1_INT.o)
 .debug_abbrev  0x00000713       0xfe .\CortexM3\ARM_GCC_541\Debug\I2C_Slave.a(I2C_1_PM.o)
 .debug_abbrev  0x00000811       0xf8 .\CortexM3\ARM_GCC_541\Debug\I2C_Slave.a(I2C_1_SLAVE.o)
 .debug_abbrev  0x00000909      0x254 .\CortexM3\ARM_GCC_541\Debug\I2C_Slave.a(CyLib.o)
 .debug_abbrev  0x00000b5d      0x1ab .\CortexM3\ARM_GCC_541\Debug\I2C_Slave.a(cyPm.o)
 .debug_abbrev  0x00000d08      0x12d .\CortexM3\ARM_GCC_541\Debug\I2C_Slave.a(PWM_1.o)
 .debug_abbrev  0x00000e35       0x14 .\CortexM3\ARM_GCC_541\Debug\I2C_Slave.a(CyBootAsmGnu.o)
 .debug_abbrev  0x00000e49      0x1a7 .\CortexM3\ARM_GCC_541\Debug\I2C_Slave.a(CyFlash.o)
 .debug_abbrev  0x00000ff0      0x194 .\CortexM3\ARM_GCC_541\Debug\I2C_Slave.a(CySpc.o)

.debug_line     0x00000000     0x1c1e
 *(.debug_line)
 .debug_line    0x00000000      0x1ce .\CortexM3\ARM_GCC_541\Debug\main.o
 .debug_line    0x000001ce      0x1d7 .\CortexM3\ARM_GCC_541\Debug\cyfitter_cfg.o
 .debug_line    0x000003a5      0x141 .\CortexM3\ARM_GCC_541\Debug\cymetadata.o
 .debug_line    0x000004e6      0x234 .\CortexM3\ARM_GCC_541\Debug\Cm3Start.o
 .debug_line    0x0000071a       0xe0 .\CortexM3\ARM_GCC_541\Debug\I2C_Slave.a(I2C_1.o)
 .debug_line    0x000007fa       0xc5 .\CortexM3\ARM_GCC_541\Debug\I2C_Slave.a(I2C_1_INT.o)
 .debug_line    0x000008bf       0xbf .\CortexM3\ARM_GCC_541\Debug\I2C_Slave.a(I2C_1_PM.o)
 .debug_line    0x0000097e      0x110 .\CortexM3\ARM_GCC_541\Debug\I2C_Slave.a(I2C_1_SLAVE.o)
 .debug_line    0x00000a8e      0x816 .\CortexM3\ARM_GCC_541\Debug\I2C_Slave.a(CyLib.o)
 .debug_line    0x000012a4      0x367 .\CortexM3\ARM_GCC_541\Debug\I2C_Slave.a(cyPm.o)
 .debug_line    0x0000160b      0x133 .\CortexM3\ARM_GCC_541\Debug\I2C_Slave.a(PWM_1.o)
 .debug_line    0x0000173e       0x66 .\CortexM3\ARM_GCC_541\Debug\I2C_Slave.a(CyBootAsmGnu.o)
 .debug_line    0x000017a4      0x21a .\CortexM3\ARM_GCC_541\Debug\I2C_Slave.a(CyFlash.o)
 .debug_line    0x000019be      0x260 .\CortexM3\ARM_GCC_541\Debug\I2C_Slave.a(CySpc.o)

.debug_frame    0x00000000     0x11cc
 *(.debug_frame)
 .debug_frame   0x00000000       0x64 .\CortexM3\ARM_GCC_541\Debug\main.o
 .debug_frame   0x00000064       0xe4 .\CortexM3\ARM_GCC_541\Debug\cyfitter_cfg.o
 .debug_frame   0x00000148       0xb8 .\CortexM3\ARM_GCC_541\Debug\Cm3Start.o
 .debug_frame   0x00000200       0x94 .\CortexM3\ARM_GCC_541\Debug\I2C_Slave.a(I2C_1.o)
 .debug_frame   0x00000294       0x2c .\CortexM3\ARM_GCC_541\Debug\I2C_Slave.a(I2C_1_INT.o)
 .debug_frame   0x000002c0       0x74 .\CortexM3\ARM_GCC_541\Debug\I2C_Slave.a(I2C_1_PM.o)
 .debug_frame   0x00000334       0xb0 .\CortexM3\ARM_GCC_541\Debug\I2C_Slave.a(I2C_1_SLAVE.o)
 .debug_frame   0x000003e4      0x738 .\CortexM3\ARM_GCC_541\Debug\I2C_Slave.a(CyLib.o)
 .debug_frame   0x00000b1c      0x1f8 .\CortexM3\ARM_GCC_541\Debug\I2C_Slave.a(cyPm.o)
 .debug_frame   0x00000d14       0xe8 .\CortexM3\ARM_GCC_541\Debug\I2C_Slave.a(PWM_1.o)
 .debug_frame   0x00000dfc      0x194 .\CortexM3\ARM_GCC_541\Debug\I2C_Slave.a(CyFlash.o)
 .debug_frame   0x00000f90      0x180 .\CortexM3\ARM_GCC_541\Debug\I2C_Slave.a(CySpc.o)
 .debug_frame   0x00001110       0x20 c:/program files (x86)/cypress/psoc creator/4.2/psoc creator/import/gnu/arm/5.4.1/bin/../lib/gcc/arm-none-eabi/5.4.1/../../../../arm-none-eabi/lib/armv7-m\libg_nano.a(lib_a-errno.o)
 .debug_frame   0x00001130       0x28 c:/program files (x86)/cypress/psoc creator/4.2/psoc creator/import/gnu/arm/5.4.1/bin/../lib/gcc/arm-none-eabi/5.4.1/../../../../arm-none-eabi/lib/armv7-m\libg_nano.a(lib_a-exit.o)
 .debug_frame   0x00001158       0x2c c:/program files (x86)/cypress/psoc creator/4.2/psoc creator/import/gnu/arm/5.4.1/bin/../lib/gcc/arm-none-eabi/5.4.1/../../../../arm-none-eabi/lib/armv7-m\libg_nano.a(lib_a-init.o)
 .debug_frame   0x00001184       0x28 c:/program files (x86)/cypress/psoc creator/4.2/psoc creator/import/gnu/arm/5.4.1/bin/../lib/gcc/arm-none-eabi/5.4.1/../../../../arm-none-eabi/lib/armv7-m\libg_nano.a(lib_a-memcpy-stub.o)
 .debug_frame   0x000011ac       0x20 c:/program files (x86)/cypress/psoc creator/4.2/psoc creator/import/gnu/arm/5.4.1/bin/../lib/gcc/arm-none-eabi/5.4.1/../../../../arm-none-eabi/lib/armv7-m\libg_nano.a(lib_a-memset.o)

.debug_str      0x00000000     0x17b3
 *(.debug_str)
 .debug_str     0x00000000      0x264 .\CortexM3\ARM_GCC_541\Debug\main.o
                                0x2ac (size before relaxing)
 .debug_str     0x00000264      0x1c8 .\CortexM3\ARM_GCC_541\Debug\cyfitter_cfg.o
                                0x314 (size before relaxing)
 .debug_str     0x0000042c       0x7f .\CortexM3\ARM_GCC_541\Debug\cymetadata.o
                                0x1e9 (size before relaxing)
 .debug_str     0x000004ab      0x144 .\CortexM3\ARM_GCC_541\Debug\Cm3Start.o
                                0x30f (size before relaxing)
 .debug_str     0x000005ef      0x155 .\CortexM3\ARM_GCC_541\Debug\I2C_Slave.a(I2C_1.o)
                                0x30e (size before relaxing)
 .debug_str     0x00000744       0x7f .\CortexM3\ARM_GCC_541\Debug\I2C_Slave.a(I2C_1_INT.o)
                                0x252 (size before relaxing)
 .debug_str     0x000007c3       0x60 .\CortexM3\ARM_GCC_541\Debug\I2C_Slave.a(I2C_1_PM.o)
                                0x294 (size before relaxing)
 .debug_str     0x00000823       0xb8 .\CortexM3\ARM_GCC_541\Debug\I2C_Slave.a(I2C_1_SLAVE.o)
                                0x34f (size before relaxing)
 .debug_str     0x000008db      0x7f0 .\CortexM3\ARM_GCC_541\Debug\I2C_Slave.a(CyLib.o)
                                0xa4c (size before relaxing)
 .debug_str     0x000010cb      0x365 .\CortexM3\ARM_GCC_541\Debug\I2C_Slave.a(cyPm.o)
                                0x738 (size before relaxing)
 .debug_str     0x00001430      0x123 .\CortexM3\ARM_GCC_541\Debug\I2C_Slave.a(PWM_1.o)
                                0x2d2 (size before relaxing)
 .debug_str     0x00001553      0x1b4 .\CortexM3\ARM_GCC_541\Debug\I2C_Slave.a(CyFlash.o)
                                0x3c5 (size before relaxing)
 .debug_str     0x00001707       0xac .\CortexM3\ARM_GCC_541\Debug\I2C_Slave.a(CySpc.o)
                                0x33d (size before relaxing)

.debug_loc      0x00000000     0x1bdd
 *(.debug_loc)
 .debug_loc     0x00000000       0x29 .\CortexM3\ARM_GCC_541\Debug\main.o
 .debug_loc     0x00000029      0x1d7 .\CortexM3\ARM_GCC_541\Debug\cyfitter_cfg.o
 .debug_loc     0x00000200      0x144 .\CortexM3\ARM_GCC_541\Debug\Cm3Start.o
 .debug_loc     0x00000344       0x39 .\CortexM3\ARM_GCC_541\Debug\I2C_Slave.a(I2C_1.o)
 .debug_loc     0x0000037d       0x68 .\CortexM3\ARM_GCC_541\Debug\I2C_Slave.a(I2C_1_INT.o)
 .debug_loc     0x000003e5       0x13 .\CortexM3\ARM_GCC_541\Debug\I2C_Slave.a(I2C_1_PM.o)
 .debug_loc     0x000003f8      0x126 .\CortexM3\ARM_GCC_541\Debug\I2C_Slave.a(I2C_1_SLAVE.o)
 .debug_loc     0x0000051e      0xa11 .\CortexM3\ARM_GCC_541\Debug\I2C_Slave.a(CyLib.o)
 .debug_loc     0x00000f2f      0x1e4 .\CortexM3\ARM_GCC_541\Debug\I2C_Slave.a(cyPm.o)
 .debug_loc     0x00001113       0x13 .\CortexM3\ARM_GCC_541\Debug\I2C_Slave.a(PWM_1.o)
 .debug_loc     0x00001126      0x3b2 .\CortexM3\ARM_GCC_541\Debug\I2C_Slave.a(CyFlash.o)
 .debug_loc     0x000014d8      0x705 .\CortexM3\ARM_GCC_541\Debug\I2C_Slave.a(CySpc.o)

.debug_macinfo
 *(.debug_macinfo)

.debug_ranges   0x00000000      0x5d8
 *(.debug_ranges)
 .debug_ranges  0x00000000       0x38 .\CortexM3\ARM_GCC_541\Debug\main.o
 .debug_ranges  0x00000038       0x48 .\CortexM3\ARM_GCC_541\Debug\cyfitter_cfg.o
 .debug_ranges  0x00000080       0x38 .\CortexM3\ARM_GCC_541\Debug\Cm3Start.o
 .debug_ranges  0x000000b8       0x28 .\CortexM3\ARM_GCC_541\Debug\I2C_Slave.a(I2C_1.o)
 .debug_ranges  0x000000e0       0x10 .\CortexM3\ARM_GCC_541\Debug\I2C_Slave.a(I2C_1_INT.o)
 .debug_ranges  0x000000f0       0x28 .\CortexM3\ARM_GCC_541\Debug\I2C_Slave.a(I2C_1_PM.o)
 .debug_ranges  0x00000118       0x58 .\CortexM3\ARM_GCC_541\Debug\I2C_Slave.a(I2C_1_SLAVE.o)
 .debug_ranges  0x00000170      0x290 .\CortexM3\ARM_GCC_541\Debug\I2C_Slave.a(CyLib.o)
 .debug_ranges  0x00000400       0x88 .\CortexM3\ARM_GCC_541\Debug\I2C_Slave.a(cyPm.o)
 .debug_ranges  0x00000488       0x68 .\CortexM3\ARM_GCC_541\Debug\I2C_Slave.a(PWM_1.o)
 .debug_ranges  0x000004f0       0x78 .\CortexM3\ARM_GCC_541\Debug\I2C_Slave.a(CyFlash.o)
 .debug_ranges  0x00000568       0x70 .\CortexM3\ARM_GCC_541\Debug\I2C_Slave.a(CySpc.o)

.comment        0x00000000       0x6e
 .comment       0x00000000       0x6e .\CortexM3\ARM_GCC_541\Debug\main.o
                                 0x6f (size before relaxing)
 .comment       0x0000006e       0x6f .\CortexM3\ARM_GCC_541\Debug\cyfitter_cfg.o
 .comment       0x0000006e       0x6f .\CortexM3\ARM_GCC_541\Debug\cymetadata.o
 .comment       0x0000006e       0x6f .\CortexM3\ARM_GCC_541\Debug\Cm3Start.o
 .comment       0x0000006e       0x6f .\CortexM3\ARM_GCC_541\Debug\I2C_Slave.a(I2C_1.o)
 .comment       0x0000006e       0x6f .\CortexM3\ARM_GCC_541\Debug\I2C_Slave.a(I2C_1_INT.o)
 .comment       0x0000006e       0x6f .\CortexM3\ARM_GCC_541\Debug\I2C_Slave.a(I2C_1_PM.o)
 .comment       0x0000006e       0x6f .\CortexM3\ARM_GCC_541\Debug\I2C_Slave.a(I2C_1_SLAVE.o)
 .comment       0x0000006e       0x6f .\CortexM3\ARM_GCC_541\Debug\I2C_Slave.a(CyLib.o)
 .comment       0x0000006e       0x6f .\CortexM3\ARM_GCC_541\Debug\I2C_Slave.a(cyPm.o)
 .comment       0x0000006e       0x6f .\CortexM3\ARM_GCC_541\Debug\I2C_Slave.a(PWM_1.o)
 .comment       0x0000006e       0x6f .\CortexM3\ARM_GCC_541\Debug\I2C_Slave.a(CyFlash.o)
 .comment       0x0000006e       0x6f .\CortexM3\ARM_GCC_541\Debug\I2C_Slave.a(CySpc.o)

.debug_weaknames
 *(.debug_weaknames)

.debug_funcnames
 *(.debug_funcnames)

.debug_typenames
 *(.debug_typenames)

.debug_varnames
 *(.debug_varnames)

.note.gnu.arm.ident
 *(.note.gnu.arm.ident)

.ARM.attributes
                0x00000000       0x29
 *(.ARM.attributes)
 .ARM.attributes
                0x00000000       0x1d c:/program files (x86)/cypress/psoc creator/4.2/psoc creator/import/gnu/arm/5.4.1/bin/../lib/gcc/arm-none-eabi/5.4.1/armv7-m/crti.o
 .ARM.attributes
                0x0000001d       0x2d c:/program files (x86)/cypress/psoc creator/4.2/psoc creator/import/gnu/arm/5.4.1/bin/../lib/gcc/arm-none-eabi/5.4.1/armv7-m/crtbegin.o
 .ARM.attributes
                0x0000004a       0x1b c:/program files (x86)/cypress/psoc creator/4.2/psoc creator/import/gnu/arm/5.4.1/bin/../lib/gcc/arm-none-eabi/5.4.1/../../../../arm-none-eabi/lib/armv7-m/crt0.o
 .ARM.attributes
                0x00000065       0x33 .\CortexM3\ARM_GCC_541\Debug\main.o
 .ARM.attributes
                0x00000098       0x33 .\CortexM3\ARM_GCC_541\Debug\cyfitter_cfg.o
 .ARM.attributes
                0x000000cb       0x33 .\CortexM3\ARM_GCC_541\Debug\cymetadata.o
 .ARM.attributes
                0x000000fe       0x33 .\CortexM3\ARM_GCC_541\Debug\Cm3Start.o
 .ARM.attributes
                0x00000131       0x33 .\CortexM3\ARM_GCC_541\Debug\I2C_Slave.a(I2C_1.o)
 .ARM.attributes
                0x00000164       0x33 .\CortexM3\ARM_GCC_541\Debug\I2C_Slave.a(I2C_1_INT.o)
 .ARM.attributes
                0x00000197       0x33 .\CortexM3\ARM_GCC_541\Debug\I2C_Slave.a(I2C_1_PM.o)
 .ARM.attributes
                0x000001ca       0x33 .\CortexM3\ARM_GCC_541\Debug\I2C_Slave.a(I2C_1_SLAVE.o)
 .ARM.attributes
                0x000001fd       0x33 .\CortexM3\ARM_GCC_541\Debug\I2C_Slave.a(CyLib.o)
 .ARM.attributes
                0x00000230       0x33 .\CortexM3\ARM_GCC_541\Debug\I2C_Slave.a(cyPm.o)
 .ARM.attributes
                0x00000263       0x33 .\CortexM3\ARM_GCC_541\Debug\I2C_Slave.a(PWM_1.o)
 .ARM.attributes
                0x00000296       0x21 .\CortexM3\ARM_GCC_541\Debug\I2C_Slave.a(CyBootAsmGnu.o)
 .ARM.attributes
                0x000002b7       0x33 .\CortexM3\ARM_GCC_541\Debug\I2C_Slave.a(CyFlash.o)
 .ARM.attributes
                0x000002ea       0x33 .\CortexM3\ARM_GCC_541\Debug\I2C_Slave.a(CySpc.o)
 .ARM.attributes
                0x0000031d       0x2d c:/program files (x86)/cypress/psoc creator/4.2/psoc creator/import/gnu/arm/5.4.1/bin/../lib/gcc/arm-none-eabi/5.4.1/../../../../arm-none-eabi/lib/armv7-m\libg_nano.a(lib_a-errno.o)
 .ARM.attributes
                0x0000034a       0x2d c:/program files (x86)/cypress/psoc creator/4.2/psoc creator/import/gnu/arm/5.4.1/bin/../lib/gcc/arm-none-eabi/5.4.1/../../../../arm-none-eabi/lib/armv7-m\libg_nano.a(lib_a-exit.o)
 .ARM.attributes
                0x00000377       0x2d c:/program files (x86)/cypress/psoc creator/4.2/psoc creator/import/gnu/arm/5.4.1/bin/../lib/gcc/arm-none-eabi/5.4.1/../../../../arm-none-eabi/lib/armv7-m\libg_nano.a(lib_a-impure.o)
 .ARM.attributes
                0x000003a4       0x2d c:/program files (x86)/cypress/psoc creator/4.2/psoc creator/import/gnu/arm/5.4.1/bin/../lib/gcc/arm-none-eabi/5.4.1/../../../../arm-none-eabi/lib/armv7-m\libg_nano.a(lib_a-init.o)
 .ARM.attributes
                0x000003d1       0x2d c:/program files (x86)/cypress/psoc creator/4.2/psoc creator/import/gnu/arm/5.4.1/bin/../lib/gcc/arm-none-eabi/5.4.1/../../../../arm-none-eabi/lib/armv7-m\libg_nano.a(lib_a-memcpy-stub.o)
 .ARM.attributes
                0x000003fe       0x2d c:/program files (x86)/cypress/psoc creator/4.2/psoc creator/import/gnu/arm/5.4.1/bin/../lib/gcc/arm-none-eabi/5.4.1/../../../../arm-none-eabi/lib/armv7-m\libg_nano.a(lib_a-memset.o)
 .ARM.attributes
                0x0000042b       0x2d c:/program files (x86)/cypress/psoc creator/4.2/psoc creator/import/gnu/arm/5.4.1/bin/../lib/gcc/arm-none-eabi/5.4.1/armv7-m/crtend.o
 .ARM.attributes
                0x00000458       0x1d c:/program files (x86)/cypress/psoc creator/4.2/psoc creator/import/gnu/arm/5.4.1/bin/../lib/gcc/arm-none-eabi/5.4.1/armv7-m/crtn.o

/DISCARD/
 *(.note.GNU-stack)
OUTPUT(C:\Users\Andreas\Documents\PSoC Creator\I2C_Slave_Snor_Funktioner_3.0\I2C_Slave_Snor.cywrk.Archive01\I2C_Slave_Snor_Funktioner_1.0\I2C_Slave.cydsn\CortexM3\ARM_GCC_541\Debug\I2C_Slave.elf elf32-littlearm)
